xrun: 25.03-s001: (c) Copyright 1995-2025 Cadence Design Systems, Inc.
TOOL:	xrun	25.03-s001: Started on Oct 04, 2026 at 23:40:12 EDT
xrun
	-Q
	-unbuffered
	-timescale 1ns/1ns
	-sysv
	-access +rw
	-uvmnocdnsextra
	-uvmhome /xcelium25.03/tools//methodology/UVM/CDNS-1.2/sv
	/xcelium25.03/tools//methodology/UVM/CDNS-1.2/sv/src/uvm_macros.svh
	design.sv
	testbench.sv
	Top level design units:
		uvm_pkg
		$unit_0x67f934e9
		tb
Loading snapshot worklib.tb:sv .................... Done
SVSEED default: 1
xcelium> source /xcelium25.03/tools/xcelium/files/xmsimrc
xcelium> source /xcelium25.03/tools//methodology/UVM/CDNS-1.2/sv/files/tcl/uvm_sim.tcl
xcelium> run
UVM_INFO /xcelium25.03/tools/methodology/UVM/CDNS-1.2/sv/src/base/uvm_root.svh(412) @ 0: reporter [UVM/RELNOTES] 
----------------------------------------------------------------
CDNS-UVM-1.2 (25.03-s001)
(C) 2007-2014 Mentor Graphics Corporation
(C) 2007-2014 Cadence Design Systems, Inc.
(C) 2006-2014 Synopsys, Inc.
(C) 2011-2013 Cypress Semiconductor Corp.
(C) 2013-2014 NVIDIA Corporation
----------------------------------------------------------------

  ***********       IMPORTANT RELEASE NOTES         ************

  You are using a version of the UVM library that has been compiled
  with `UVM_NO_DEPRECATED undefined.
  See http://www.eda.org/svdb/view.php?id=3313 for more details.

  You are using a version of the UVM library that has been compiled
  with `UVM_OBJECT_DO_NOT_NEED_CONSTRUCTOR undefined.
  See http://www.eda.org/svdb/view.php?id=3770 for more details.

      (Specify +UVM_NO_RELNOTES to turn off this notice)

UVM_INFO @ 0: reporter [RNTST] Running test axi_test...
UVM_INFO /xcelium25.03/tools/methodology/UVM/CDNS-1.2/sv/src/base/uvm_objection.svh(1271) @ 50495000: reporter [TEST_DONE] 'run' phase is ready to proceed to the 'extract' phase
UVM_INFO testbench.sv(550) @ 50495000: uvm_test_top.env.scoreboard [SCOREBOARD] All AXI4 checks passed
UVM_INFO /xcelium25.03/tools/methodology/UVM/CDNS-1.2/sv/src/base/uvm_report_server.svh(851) @ 50495000: reporter [UVM/REPORT/SERVER] 
--- UVM Report Summary ---

** Report counts by severity
UVM_INFO :    4
UVM_WARNING :    0
UVM_ERROR :    0
UVM_FATAL :    0
** Report counts by id
[RNTST]     1
[SCOREBOARD]     1
[TEST_DONE]     1
[UVM/RELNOTES]     1

Simulation complete via $finish(1) at time 50495 NS + 59
/xcelium25.03/tools/methodology/UVM/CDNS-1.2/sv/src/base/uvm_root.svh:543     $finish;
xcelium> exit
TOOL:	xrun	25.03-s001: Exiting on Oct 04, 2026 at 23:40:24 EDT  (total: 00:00:12)
